>>> text_indentation = __import__('5-text_indentation').text_indentation

>>> text_indentation("Lorem ipsum dolor sit amet, consectetur adipiscing elit. Quonam modo?")
Lorem ipsum dolor sit amet, consectetur adipiscing elit.

Quonam modo?

>>> text = "This is a sentence with special characters. And another..."
>>> text_indentation(text)  
This is a sentence with special characters.

And another...

>>> text_indentation(123)
Traceback (most recent call last):
...
TypeError: text must be a string
